// Vitest Snapshot v1, https://vitest.dev/guide/snapshot.html

exports[`should not render without a wrapping HeaderContainer 1`] = `[Error: Should be nested inside a HeaderContainer component]`;
